c:\users\александра\desktop\otus-cpp-hw\build\_deps\sfml-build\lib\debug\sfml-window-s-d.pdb
c:\users\александра\desktop\otus-cpp-hw\build\_deps\sfml-build\src\sfml\window\sfml-window.dir\debug\inputimpl.obj
c:\users\александра\desktop\otus-cpp-hw\build\_deps\sfml-build\src\sfml\window\sfml-window.dir\debug\clipboardimpl.obj
c:\users\александра\desktop\otus-cpp-hw\build\_deps\sfml-build\src\sfml\window\sfml-window.dir\debug\cursorimpl.obj
c:\users\александра\desktop\otus-cpp-hw\build\_deps\sfml-build\src\sfml\window\sfml-window.dir\debug\windowimpl.obj
c:\users\александра\desktop\otus-cpp-hw\build\_deps\sfml-build\src\sfml\window\sfml-window.dir\debug\windowbase.obj
c:\users\александра\desktop\otus-cpp-hw\build\_deps\sfml-build\src\sfml\window\sfml-window.dir\debug\window.obj
c:\users\александра\desktop\otus-cpp-hw\build\_deps\sfml-build\src\sfml\window\sfml-window.dir\debug\vulkan.obj
c:\users\александра\desktop\otus-cpp-hw\build\_deps\sfml-build\src\sfml\window\sfml-window.dir\debug\videomode.obj
c:\users\александра\desktop\otus-cpp-hw\build\_deps\sfml-build\src\sfml\window\sfml-window.dir\debug\sensormanager.obj
c:\users\александра\desktop\otus-cpp-hw\build\_deps\sfml-build\src\sfml\window\sfml-window.dir\debug\sensor.obj
c:\users\александра\desktop\otus-cpp-hw\build\_deps\sfml-build\src\sfml\window\sfml-window.dir\debug\touch.obj
c:\users\александра\desktop\otus-cpp-hw\build\_deps\sfml-build\src\sfml\window\sfml-window.dir\debug\mouse.obj
c:\users\александра\desktop\otus-cpp-hw\build\_deps\sfml-build\src\sfml\window\sfml-window.dir\debug\keyboard.obj
c:\users\александра\desktop\otus-cpp-hw\build\_deps\sfml-build\src\sfml\window\sfml-window.dir\debug\joystickmanager.obj
c:\users\александра\desktop\otus-cpp-hw\build\_deps\sfml-build\src\sfml\window\sfml-window.dir\debug\joystick.obj
c:\users\александра\desktop\otus-cpp-hw\build\_deps\sfml-build\src\sfml\window\sfml-window.dir\debug\glresource.obj
c:\users\александра\desktop\otus-cpp-hw\build\_deps\sfml-build\src\sfml\window\sfml-window.dir\debug\glcontext.obj
c:\users\александра\desktop\otus-cpp-hw\build\_deps\sfml-build\src\sfml\window\sfml-window.dir\debug\cursor.obj
c:\users\александра\desktop\otus-cpp-hw\build\_deps\sfml-build\src\sfml\window\sfml-window.dir\debug\context.obj
c:\users\александра\desktop\otus-cpp-hw\build\_deps\sfml-build\src\sfml\window\sfml-window.dir\debug\clipboard.obj
c:\users\александра\desktop\otus-cpp-hw\build\_deps\sfml-build\src\sfml\window\sfml-window.dir\debug\wglcontext.obj
c:\users\александра\desktop\otus-cpp-hw\build\_deps\sfml-build\src\sfml\window\sfml-window.dir\debug\windowimplwin32.obj
c:\users\александра\desktop\otus-cpp-hw\build\_deps\sfml-build\src\sfml\window\sfml-window.dir\debug\vulkanimplwin32.obj
c:\users\александра\desktop\otus-cpp-hw\build\_deps\sfml-build\src\sfml\window\sfml-window.dir\debug\videomodeimpl.obj
c:\users\александра\desktop\otus-cpp-hw\build\_deps\sfml-build\src\sfml\window\sfml-window.dir\debug\sensorimpl.obj
c:\users\александра\desktop\otus-cpp-hw\build\_deps\sfml-build\src\sfml\window\sfml-window.dir\debug\joystickimpl.obj
c:\users\александра\desktop\otus-cpp-hw\build\_deps\sfml-build\src\sfml\window\cmakefiles\generate.stamp
c:\users\александра\desktop\otus-cpp-hw\build\_deps\sfml-build\lib\debug\sfml-window-s-d.lib
c:\users\александра\desktop\otus-cpp-hw\build\_deps\sfml-build\src\sfml\window\sfml-window.dir\debug\sfml-window.tlog\cl.command.1.tlog
c:\users\александра\desktop\otus-cpp-hw\build\_deps\sfml-build\src\sfml\window\sfml-window.dir\debug\sfml-window.tlog\cl.items.tlog
c:\users\александра\desktop\otus-cpp-hw\build\_deps\sfml-build\src\sfml\window\sfml-window.dir\debug\sfml-window.tlog\cl.read.1.tlog
c:\users\александра\desktop\otus-cpp-hw\build\_deps\sfml-build\src\sfml\window\sfml-window.dir\debug\sfml-window.tlog\cl.write.1.tlog
c:\users\александра\desktop\otus-cpp-hw\build\_deps\sfml-build\src\sfml\window\sfml-window.dir\debug\sfml-window.tlog\custombuild.command.1.tlog
c:\users\александра\desktop\otus-cpp-hw\build\_deps\sfml-build\src\sfml\window\sfml-window.dir\debug\sfml-window.tlog\custombuild.read.1.tlog
c:\users\александра\desktop\otus-cpp-hw\build\_deps\sfml-build\src\sfml\window\sfml-window.dir\debug\sfml-window.tlog\custombuild.write.1.tlog
c:\users\александра\desktop\otus-cpp-hw\build\_deps\sfml-build\src\sfml\window\sfml-window.dir\debug\sfml-window.tlog\lib-link.read.1.tlog
c:\users\александра\desktop\otus-cpp-hw\build\_deps\sfml-build\src\sfml\window\sfml-window.dir\debug\sfml-window.tlog\lib-link.write.1.tlog
c:\users\александра\desktop\otus-cpp-hw\build\_deps\sfml-build\src\sfml\window\sfml-window.dir\debug\sfml-window.tlog\lib.command.1.tlog
