c:\users\александра\desktop\otus-cpp-hw\build\physics.dir\debug\vc145.pdb
c:\users\александра\desktop\otus-cpp-hw\build\physics.dir\debug\painterimpl.obj
c:\users\александра\desktop\otus-cpp-hw\build\physics.dir\debug\view.obj
c:\users\александра\desktop\otus-cpp-hw\build\physics.dir\debug\application.obj
c:\users\александра\desktop\otus-cpp-hw\build\physics.dir\debug\painter.obj
c:\users\александра\desktop\otus-cpp-hw\build\physics.dir\debug\color.obj
c:\users\александра\desktop\otus-cpp-hw\build\physics.dir\debug\physics.obj
c:\users\александра\desktop\otus-cpp-hw\build\physics.dir\debug\ball.obj
c:\users\александра\desktop\otus-cpp-hw\build\physics.dir\debug\world.obj
c:\users\александра\desktop\otus-cpp-hw\build\physics.dir\debug\main.obj
c:\users\александра\desktop\otus-cpp-hw\build\cmakefiles\generate.stamp
c:\users\александра\desktop\otus-cpp-hw\build\debug\physics.pdb
c:\users\александра\desktop\otus-cpp-hw\build\physics.dir\debug\physics.tlog\cl.command.1.tlog
c:\users\александра\desktop\otus-cpp-hw\build\physics.dir\debug\physics.tlog\cl.read.1.tlog
c:\users\александра\desktop\otus-cpp-hw\build\physics.dir\debug\physics.tlog\cl.write.1.tlog
c:\users\александра\desktop\otus-cpp-hw\build\physics.dir\debug\physics.tlog\custombuild.command.1.tlog
c:\users\александра\desktop\otus-cpp-hw\build\physics.dir\debug\physics.tlog\custombuild.read.1.tlog
c:\users\александра\desktop\otus-cpp-hw\build\physics.dir\debug\physics.tlog\custombuild.write.1.tlog
c:\users\александра\desktop\otus-cpp-hw\build\physics.dir\debug\physics.tlog\link-cvtres.read.1.tlog
c:\users\александра\desktop\otus-cpp-hw\build\physics.dir\debug\physics.tlog\link-cvtres.write.1.tlog
c:\users\александра\desktop\otus-cpp-hw\build\physics.dir\debug\physics.tlog\link-rc.read.1.tlog
c:\users\александра\desktop\otus-cpp-hw\build\physics.dir\debug\physics.tlog\link-rc.write.1.tlog
c:\users\александра\desktop\otus-cpp-hw\build\physics.dir\debug\physics.tlog\link.command.1.tlog
c:\users\александра\desktop\otus-cpp-hw\build\physics.dir\debug\physics.tlog\link.read.1.tlog
c:\users\александра\desktop\otus-cpp-hw\build\physics.dir\debug\physics.tlog\link.read.2.tlog
c:\users\александра\desktop\otus-cpp-hw\build\physics.dir\debug\physics.tlog\link.write.1.tlog
