c:\users\александра\desktop\otus-cpp-hw\build\_deps\sfml-build\lib\debug\sfml-system-s-d.pdb
c:\users\александра\desktop\otus-cpp-hw\build\_deps\sfml-build\src\sfml\system\sfml-system.dir\debug\threadlocalimpl.obj
c:\users\александра\desktop\otus-cpp-hw\build\_deps\sfml-build\src\sfml\system\sfml-system.dir\debug\threadimpl.obj
c:\users\александра\desktop\otus-cpp-hw\build\_deps\sfml-build\src\sfml\system\sfml-system.dir\debug\sleepimpl.obj
c:\users\александра\desktop\otus-cpp-hw\build\_deps\sfml-build\src\sfml\system\sfml-system.dir\debug\muteximpl.obj
c:\users\александра\desktop\otus-cpp-hw\build\_deps\sfml-build\src\sfml\system\sfml-system.dir\debug\clockimpl.obj
c:\users\александра\desktop\otus-cpp-hw\build\_deps\sfml-build\src\sfml\system\sfml-system.dir\debug\memoryinputstream.obj
c:\users\александра\desktop\otus-cpp-hw\build\_deps\sfml-build\src\sfml\system\sfml-system.dir\debug\fileinputstream.obj
c:\users\александра\desktop\otus-cpp-hw\build\_deps\sfml-build\src\sfml\system\sfml-system.dir\debug\time.obj
c:\users\александра\desktop\otus-cpp-hw\build\_deps\sfml-build\src\sfml\system\sfml-system.dir\debug\threadlocal.obj
c:\users\александра\desktop\otus-cpp-hw\build\_deps\sfml-build\src\sfml\system\sfml-system.dir\debug\thread.obj
c:\users\александра\desktop\otus-cpp-hw\build\_deps\sfml-build\src\sfml\system\sfml-system.dir\debug\string.obj
c:\users\александра\desktop\otus-cpp-hw\build\_deps\sfml-build\src\sfml\system\sfml-system.dir\debug\sleep.obj
c:\users\александра\desktop\otus-cpp-hw\build\_deps\sfml-build\src\sfml\system\sfml-system.dir\debug\mutex.obj
c:\users\александра\desktop\otus-cpp-hw\build\_deps\sfml-build\src\sfml\system\sfml-system.dir\debug\lock.obj
c:\users\александра\desktop\otus-cpp-hw\build\_deps\sfml-build\src\sfml\system\sfml-system.dir\debug\err.obj
c:\users\александра\desktop\otus-cpp-hw\build\_deps\sfml-build\src\sfml\system\sfml-system.dir\debug\clock.obj
c:\users\александра\desktop\otus-cpp-hw\build\_deps\sfml-build\src\sfml\system\cmakefiles\generate.stamp
c:\users\александра\desktop\otus-cpp-hw\build\_deps\sfml-build\lib\debug\sfml-system-s-d.lib
c:\users\александра\desktop\otus-cpp-hw\build\_deps\sfml-build\src\sfml\system\sfml-system.dir\debug\sfml-system.tlog\cl.command.1.tlog
c:\users\александра\desktop\otus-cpp-hw\build\_deps\sfml-build\src\sfml\system\sfml-system.dir\debug\sfml-system.tlog\cl.items.tlog
c:\users\александра\desktop\otus-cpp-hw\build\_deps\sfml-build\src\sfml\system\sfml-system.dir\debug\sfml-system.tlog\cl.read.1.tlog
c:\users\александра\desktop\otus-cpp-hw\build\_deps\sfml-build\src\sfml\system\sfml-system.dir\debug\sfml-system.tlog\cl.write.1.tlog
c:\users\александра\desktop\otus-cpp-hw\build\_deps\sfml-build\src\sfml\system\sfml-system.dir\debug\sfml-system.tlog\custombuild.command.1.tlog
c:\users\александра\desktop\otus-cpp-hw\build\_deps\sfml-build\src\sfml\system\sfml-system.dir\debug\sfml-system.tlog\custombuild.read.1.tlog
c:\users\александра\desktop\otus-cpp-hw\build\_deps\sfml-build\src\sfml\system\sfml-system.dir\debug\sfml-system.tlog\custombuild.write.1.tlog
c:\users\александра\desktop\otus-cpp-hw\build\_deps\sfml-build\src\sfml\system\sfml-system.dir\debug\sfml-system.tlog\lib-link.read.1.tlog
c:\users\александра\desktop\otus-cpp-hw\build\_deps\sfml-build\src\sfml\system\sfml-system.dir\debug\sfml-system.tlog\lib-link.write.1.tlog
c:\users\александра\desktop\otus-cpp-hw\build\_deps\sfml-build\src\sfml\system\sfml-system.dir\debug\sfml-system.tlog\lib.command.1.tlog
